15ee4fbed61a74e8af4dd5b7256222513c5761c5335803147f80da5996fc7609